
> stmarysjsckundara@0.0.0 build
> vite build

[36mvite v8.0.1 [32mbuilding client environment for production...[36m[39m
[2K
transforming...Γ£ô 1583 modules transformed.
node.exe : [33m[lightningcss 
minify] Unknown at rule: 
@tailwind
At line:1 char:1
+ & "C:\Program 
Files\nodejs/node.exe" "C:\Use
rs\ALAN\AppData\Roaming\n ...
+ ~~~~~~~~~~~~~~~~~~~~~~~~~~~~
~~~~~~~~~~~~~~~~~~~~~~~~~~~~~~
~~~~~~~~~~~
    + CategoryInfo          : 
    NotSpecified: ([33m[lig  
  htning...rule: @tailwind:   
 String) [], RemoteExcepti    
on
    + FullyQualifiedErrorId : 
    NativeCommandError
 
1  |  @tailwind base;
   |           ^
2  |  @tailwind components;
3  |  @tailwind 
utilities;[39m
[33m[lightningcss minify] 
Unknown at rule: @tailwind
1  |  @tailwind base;
2  |  @tailwind components;
   |           ^
3  |  @tailwind utilities;
4  |  [39m
[33m[lightningcss minify] 
Unknown at rule: @tailwind
1  |  @tailwind base;
2  |  @tailwind components;
3  |  @tailwind utilities;
   |           ^
4  |  
5  |  @layer base {[39m
[33m[lightningcss minify] 
Unknown at rule: @apply
5  |  @layer base {
6  |    body {
7  |      @apply bg-gray-50 
text-gray-900 font-sans 
antialiased 
selection:bg-primary-200 
selection:text-primary-900;
   |            ^
8  |    }
9  |  }[39m
[33m[lightningcss minify] 
Unknown at rule: @apply
11 |  @layer components {
12 |    .input-field {
13 |      @apply w-full px-4 
py-3 rounded-lg border 
border-gray-200 bg-white 
transition-all 
   |            ^
14 |        focus:ring-2 
focus:ring-primary-500 
focus:border-transparent 
outline-none
15 |        
placeholder:text-gray-400 
shadow-sm 
hover:border-gray-300;[39m
rendering chunks...
computing gzip size...
dist/index.html                   0.46 kB Γöé gzip:  0.30 kB
dist/assets/index--oeZnNfM.css    0.40 kB Γöé gzip:  0.25 kB
dist/assets/index-BExiEM-7.js   241.62 kB Γöé gzip: 77.47 kB

[31mΓ£ù[39m Build failed in 
839ms
[31merror during build:
[31mBuild failed with 1 
error:

Error: [vite]: Rolldown 
failed to resolve import 
"@supabase/supabase-js" from "
C:/Users/ALAN/OneDrive/Desktop
/stmarysjsckundara/src/service
s/supabase.js".
This is most likely 
unintended because it can 
break your application at 
runtime.
If you do want to externalize 
this module explicitly add it 
to
`build.rollupOptions.external`
    at viteLog (file:///C:/Use
rs/ALAN/OneDrive/Desktop/stmar
ysjsckundara/node_modules/vite
/dist/node/chunks/node.js:3291
0:57)
    at file:///C:/Users/ALAN/O
neDrive/Desktop/stmarysjsckund
ara/node_modules/vite/dist/nod
e/chunks/node.js:32946:71
    at onwarn (file:///C:/User
s/ALAN/OneDrive/Desktop/stmary
sjsckundara/node_modules/@vite
js/plugin-react/dist/index.js:
40:7)
    at file:///C:/Users/ALAN/O
neDrive/Desktop/stmarysjsckund
ara/node_modules/vite/dist/nod
e/chunks/node.js:32946:28
    at onRollupLog (file:///C:
/Users/ALAN/OneDrive/Desktop/s
tmarysjsckundara/node_modules/
vite/dist/node/chunks/node.js:
32941:63)
    at onLog (file:///C:/Users
/ALAN/OneDrive/Desktop/stmarys
jsckundara/node_modules/vite/d
ist/node/chunks/node.js:32711:
4)
    at file:///C:/Users/ALAN/O
neDrive/Desktop/stmarysjsckund
ara/node_modules/rolldown/dist
/shared/rolldown-build-yQC7KN8
K.mjs:49:26
    at logger (file:///C:/User
s/ALAN/OneDrive/Desktop/stmary
sjsckundara/node_modules/rolld
own/dist/shared/rolldown-build
-yQC7KN8K.mjs:40:3)
    at onLog (file:///C:/Users
/ALAN/OneDrive/Desktop/stmarys
jsckundara/node_modules/rolldo
wn/dist/shared/bindingify-inpu
t-options-DoaqRULI.mjs:1950:32
)[31m
    at aggregateBindingErrorsI
ntoJsError (file:///C:/Users/A
LAN/OneDrive/Desktop/stmarysjs
ckundara/node_modules/rolldown
/dist/shared/error-BO4SlZV_.mj
s:48:18)
    at unwrapBindingResult (fi
le:///C:/Users/ALAN/OneDrive/D
esktop/stmarysjsckundara/node_
modules/rolldown/dist/shared/e
rror-BO4SlZV_.mjs:18:128)
    at #build (file:///C:/User
s/ALAN/OneDrive/Desktop/stmary
sjsckundara/node_modules/rolld
own/dist/shared/rolldown-build
-yQC7KN8K.mjs:3311:34)
    at async buildEnvironment 
(file:///C:/Users/ALAN/OneDriv
e/Desktop/stmarysjsckundara/no
de_modules/vite/dist/node/chun
ks/node.js:32817:64)
    at async Object.build (fil
e:///C:/Users/ALAN/OneDrive/De
sktop/stmarysjsckundara/node_m
odules/vite/dist/node/chunks/n
ode.js:33239:19)
    at async Object.buildApp (
file:///C:/Users/ALAN/OneDrive
/Desktop/stmarysjsckundara/nod
e_modules/vite/dist/node/chunk
s/node.js:33236:153)
    at async CAC.<anonymous> (
file:///C:/Users/ALAN/OneDrive
/Desktop/stmarysjsckundara/nod
e_modules/vite/dist/node/cli.j
s:778:3) {
  errors: [Getter/Setter]
}[39m
